[TEST] Running batch experiment with pending_tasks fix...
  Config: C:\Users\shrey\OneDrive\Documents\Upenn\Thesis\GCBBA_Warehouse_System\config\gridworld_warehouse_small.yaml
  Output: C:\Users\shrey\OneDrive\Documents\Upenn\Thesis\GCBBA_Warehouse_System\results\test_idle_fix

python : 
At line:1 char:1
+ python test_idle_fix.py > test_output.txt 2>&1 ; echo "Done"; Select- ...
+ ~~~~~~~~~~~~~~~~~~~~~~~~~~~~~~~~~~~~~~~~~~~~~~
    + CategoryInfo          : NotSpecified: (:String) [], RemoteException
    + FullyQualifiedErrorId : NativeCommandError
 
Simulation (GCBBA):   0%|          | 0/1500 [00:00<?, ?it/s]
                                                            

Simulation (GCBBA):   0%|          | 0/1500 [00:00<?, ?it/s]
Simulation (GCBBA):   0%|          | 1/1500 [00:00<03:24,  7.33it/s, done=0, 
q=0.00, agents=6/6, nav=0/6, chg=0/6, t=1]
                                                                               
                                        

Simulation (GCBBA):   0%|          | 1/1500 [00:00<03:24,  7.33it/s, done=0, 
q=0.00, agents=6/6, nav=0/6, chg=0/6, t=15]
Simulation (GCBBA):   1%|1         | 16/1500 [00:00<00:18, 79.14it/s, done=2, 
q=0.00, agents=6/6, nav=0/6, chg=0/6, t=16]
                                                                               
                                          

Simulation (GCBBA):   1%|1         | 16/1500 [00:00<00:18, 79.14it/s, done=2, 
q=0.00, agents=6/6, nav=0/6, chg=0/6, t=20]
                                                                               
                                          

Simulation (GCBBA):   1%|1         | 16/1500 [00:00<00:18, 79.14it/s, done=5, 
q=0.00, agents=6/6, nav=0/6, chg=0/6, t=43]
Simulation (GCBBA):   3%|2         | 44/1500 [00:00<00:10, 136.44it/s, done=6, 
q=0.00, agents=6/6, nav=0/6, chg=0/6, t=44]
                                                                               
                                           

Simulation (GCBBA):   3%|2         | 44/1500 [00:00<00:10, 136.44it/s, done=7, 
q=0.00, agents=6/6, nav=0/6, chg=0/6, t=49]
                                                                               
                                           

Simulation (GCBBA):   3%|2         | 44/1500 [00:00<00:10, 136.44it/s, done=9, 
q=0.00, agents=6/6, nav=0/6, chg=0/6, t=59]
                                                                               
                                           

Simulation (GCBBA):   3%|2         | 44/1500 [00:00<00:10, 136.44it/s, 
done=11, q=0.00, agents=6/6, nav=0/6, chg=0/6, t=78]
Simulation (GCBBA):   5%|5         | 79/1500 [00:00<00:07, 199.58it/s, 
done=12, q=0.00, agents=6/6, nav=0/6, chg=0/6, t=79]
                                                                               
                                            

Simulation (GCBBA):   5%|5         | 79/1500 [00:00<00:07, 199.58it/s, 
done=13, q=0.00, agents=6/6, nav=0/6, chg=0/6, t=88]
                                                                               
                                            

Simulation (GCBBA):   5%|5         | 79/1500 [00:04<00:07, 199.58it/s, 
done=15, q=0.00, agents=6/6, nav=0/6, chg=0/6, t=94]
                                                                               
                                            

Simulation (GCBBA):   5%|5         | 79/1500 [00:04<00:07, 199.58it/s, 
done=15, q=0.00, agents=6/6, nav=0/6, chg=0/6, t=94]
                                                                               
                                            

Simulation (GCBBA):   5%|5         | 79/1500 [00:08<00:07, 199.58it/s, 
done=15, q=0.00, agents=6/6, nav=0/6, chg=0/6, t=94]
                                                                               
                                            

Simulation (GCBBA):   5%|5         | 79/1500 [00:11<00:07, 199.58it/s, 
done=16, q=0.00, agents=6/6, nav=0/6, chg=0/6, t=95]
                                                                               
                                            

Simulation (GCBBA):   5%|5         | 79/1500 [00:15<00:07, 199.58it/s, 
done=16, q=0.00, agents=6/6, nav=0/6, chg=0/6, t=96]
Simulation (GCBBA):   7%|6         | 100/1500 [00:15<05:30,  4.23it/s, 
done=17, q=0.00, agents=6/6, nav=0/6, chg=0/6, t=100]
                                                                               
                                             

Simulation (GCBBA):   7%|6         | 100/1500 [00:15<05:30,  4.23it/s, 
done=17, q=0.00, agents=6/6, nav=0/6, chg=0/6, t=114]
                                                                               
                                             

Simulation (GCBBA):   7%|6         | 100/1500 [00:19<05:30,  4.23it/s, 
done=18, q=0.00, agents=6/6, nav=0/6, chg=0/6, t=119]
Simulation (GCBBA):   8%|8         | 120/1500 [00:19<05:01,  4.58it/s, 
done=19, q=0.00, agents=6/6, nav=0/6, chg=0/6, t=120]
                                                                               
                                             

Simulation (GCBBA):   8%|8         | 120/1500 [00:22<05:01,  4.58it/s, 
done=19, q=0.00, agents=6/6, nav=0/6, chg=0/6, t=120]
                                                                               
                                             

Simulation (GCBBA):   8%|8         | 120/1500 [00:26<05:01,  4.58it/s, 
done=19, q=0.00, agents=6/6, nav=0/6, chg=0/6, t=121]
                                                                               
                                             

Simulation (GCBBA):   8%|8         | 120/1500 [00:26<05:01,  4.58it/s, 
done=19, q=0.00, agents=6/6, nav=0/6, chg=0/6, t=121]
Simulation (GCBBA):   8%|8         | 120/1500 [00:30<05:01,  4.58it/s, 
done=19, q=0.00, agents=6/6, nav=0/6, chg=0/6, t=121]
                                                                               
                                             

Simulation (GCBBA):   8%|8         | 120/1500 [00:30<05:01,  4.58it/s, 
done=19, q=0.00, agents=6/6, nav=0/6, chg=0/6, t=121]
Simulation (GCBBA):   8%|8         | 122/1500 [00:30<10:11,  2.25it/s, 
done=20, q=0.00, agents=6/6, nav=0/6, chg=0/6, t=122]
                                                                               
                                             

Simulation (GCBBA):   8%|8         | 122/1500 [00:33<10:11,  2.25it/s, 
done=20, q=0.00, agents=6/6, nav=0/6, chg=0/6, t=122]
Simulation (GCBBA):   8%|8         | 123/1500 [00:33<12:17,  1.87it/s, 
done=20, q=0.00, agents=6/6, nav=0/6, chg=0/6, t=123]
                                                                               
                                             

Simulation (GCBBA):   8%|8         | 123/1500 [00:37<12:17,  1.87it/s, 
done=20, q=0.00, agents=6/6, nav=0/6, chg=0/6, t=123]
                                                                               
                                             

Simulation (GCBBA):   8%|8         | 123/1500 [00:41<12:17,  1.87it/s, 
done=20, q=0.00, agents=6/6, nav=0/6, chg=0/6, t=124]
                                                                               
                                             

Simulation (GCBBA):   8%|8         | 123/1500 [00:44<12:17,  1.87it/s, 
done=20, q=0.00, agents=6/6, nav=0/6, chg=0/6, t=125]
                                                                               
                                             

Simulation (GCBBA):   8%|8         | 123/1500 [00:48<12:17,  1.87it/s, 
done=20, q=0.00, agents=6/6, nav=0/6, chg=0/6, t=126]
Simulation (GCBBA):   9%|8         | 132/1500 [00:48<18:59,  1.20it/s, 
done=21, q=0.00, agents=6/6, nav=0/6, chg=0/6, t=132]
                                                                               
                                             

Simulation (GCBBA):   9%|8         | 132/1500 [00:52<18:59,  1.20it/s, 
done=21, q=0.00, agents=6/6, nav=0/6, chg=0/6, t=139]
                                                                               
                                             

Simulation (GCBBA):   9%|8         | 132/1500 [00:52<18:59,  1.20it/s, 
done=21, q=0.00, agents=6/6, nav=0/6, chg=0/6, t=139]
                                                                               
                                             

Simulation (GCBBA):   9%|8         | 132/1500 [00:55<18:59,  1.20it/s, 
done=21, q=0.00, agents=6/6, nav=0/6, chg=0/6, t=139]
Simulation (GCBBA):   9%|9         | 140/1500 [00:55<19:09,  1.18it/s, 
done=22, q=0.00, agents=6/6, nav=0/6, chg=0/6, t=140]
                                                                               
                                             

Simulation (GCBBA):   9%|9         | 140/1500 [00:58<19:09,  1.18it/s, 
done=22, q=0.00, agents=6/6, nav=0/6, chg=0/6, t=140]
                                                                               
                                             

Simulation (GCBBA):   9%|9         | 140/1500 [01:02<19:09,  1.18it/s, 
done=22, q=0.00, agents=6/6, nav=0/6, chg=0/6, t=141]
                                                                               
                                             

Simulation (GCBBA):   9%|9         | 140/1500 [01:05<19:09,  1.18it/s, 
done=22, q=0.00, agents=6/6, nav=0/6, chg=0/6, t=142]
                                                                               
                                             

Simulation (GCBBA):   9%|9         | 140/1500 [01:08<19:09,  1.18it/s, 
done=22, q=0.00, agents=6/6, nav=0/6, chg=0/6, t=143]
Simulation (GCBBA):   9%|9         | 140/1500 [01:10<19:09,  1.18it/s, 
done=22, q=0.00, agents=6/6, nav=0/6, chg=0/6, t=144]
                                                                               
                                             

Simulation (GCBBA):   9%|9         | 140/1500 [01:11<19:09,  1.18it/s, 
done=22, q=0.00, agents=6/6, nav=0/6, chg=0/6, t=144]
Simulation (GCBBA):  10%|9         | 145/1500 [01:11<29:20,  1.30s/it, 
done=22, q=0.00, agents=6/6, nav=0/6, chg=0/6, t=145]
                                                                               
                                             

Simulation (GCBBA):  10%|9         | 145/1500 [01:11<29:20,  1.30s/it, 
done=23, q=0.00, agents=6/6, nav=0/6, chg=0/6, t=158]
                                                                               
                                             

Simulation (GCBBA):  10%|9         | 145/1500 [01:12<29:20,  1.30s/it, 
done=25, q=0.00, agents=6/6, nav=0/6, chg=0/6, t=173]
                                                                               
                                             

Simulation (GCBBA):  10%|9         | 145/1500 [01:12<29:20,  1.30s/it, 
done=27, q=0.00, agents=6/6, nav=0/6, chg=0/6, t=191]
                                                                               
                                             

Simulation (GCBBA):  10%|9         | 145/1500 [01:15<29:20,  1.30s/it, 
done=29, q=0.00, agents=6/6, nav=0/6, chg=0/6, t=205]
                                                                               
                                             

Simulation (GCBBA):  10%|9         | 145/1500 [01:15<29:20,  1.30s/it, 
done=29, q=0.00, agents=6/6, nav=0/6, chg=0/6, t=205]
                                                                               
                                             

Simulation (GCBBA):  10%|9         | 145/1500 [01:18<29:20,  1.30s/it, 
done=29, q=0.00, agents=6/6, nav=0/6, chg=0/6, t=205]
Simulation (GCBBA):  14%|#3        | 206/1500 [01:18<08:19,  2.59it/s, 
done=30, q=0.00, agents=6/6, nav=0/6, chg=0/6, t=206]
                                                                               
                                             

Simulation (GCBBA):  14%|#3        | 206/1500 [01:21<08:19,  2.59it/s, 
done=30, q=0.00, agents=6/6, nav=0/6, chg=0/6, t=206]
                                                                               
                                             

Simulation (GCBBA):  14%|#3        | 206/1500 [01:25<08:19,  2.59it/s, 
done=30, q=0.00, agents=6/6, nav=0/6, chg=0/6, t=207]
                                                                               
                                             

Simulation (GCBBA):  14%|#3        | 206/1500 [01:28<08:19,  2.59it/s, 
done=30, q=0.00, agents=6/6, nav=0/6, chg=0/6, t=208]
Simulation (GCBBA):  14%|#3        | 206/1500 [01:30<08:19,  2.59it/s, 
done=30, q=0.00, agents=6/6, nav=0/6, chg=0/6, t=209]
                                                                               
                                             

Simulation (GCBBA):  14%|#3        | 206/1500 [01:31<08:19,  2.59it/s, 
done=30, q=0.00, agents=6/6, nav=0/6, chg=0/6, t=209]
Simulation (GCBBA):  14%|#4        | 210/1500 [01:31<12:23,  1.73it/s, 
done=31, q=0.00, agents=6/6, nav=0/6, chg=0/6, t=210]
                                                                               
                                             

Simulation (GCBBA):  14%|#4        | 210/1500 [01:34<12:23,  1.73it/s, 
done=31, q=0.00, agents=6/6, nav=0/6, chg=0/6, t=210]
Simulation (GCBBA):  14%|#4        | 211/1500 [01:34<13:39,  1.57it/s, 
done=31, q=0.00, agents=6/6, nav=0/6, chg=0/6, t=211]
                                                                               
                                             

Simulation (GCBBA):  14%|#4        | 211/1500 [01:37<13:39,  1.57it/s, 
done=31, q=0.00, agents=6/6, nav=0/6, chg=0/6, t=211]
                                                                               
                                             

Simulation (GCBBA):  14%|#4        | 211/1500 [01:40<13:39,  1.57it/s, 
done=31, q=0.00, agents=6/6, nav=0/6, chg=0/6, t=212]
                                                                               
                                             

Simulation (GCBBA):  14%|#4        | 211/1500 [01:44<13:39,  1.57it/s, 
done=31, q=0.00, agents=6/6, nav=0/6, chg=0/6, t=213]
                                                                               
                                             

Simulation (GCBBA):  14%|#4        | 211/1500 [01:47<13:39,  1.57it/s, 
done=31, q=0.00, agents=6/6, nav=0/6, chg=0/6, t=214]
Simulation (GCBBA):  14%|#4        | 215/1500 [01:47<20:03,  1.07it/s, 
done=31, q=0.00, agents=6/6, nav=0/6, chg=0/6, t=215]
                                                                               
                                             

Simulation (GCBBA):  14%|#4        | 215/1500 [01:47<20:03,  1.07it/s, 
done=31, q=0.00, agents=6/6, nav=0/6, chg=0/6, t=228]
                                                                               
                                             

Simulation (GCBBA):  14%|#4        | 215/1500 [01:47<20:03,  1.07it/s, 
done=33, q=0.00, agents=6/6, nav=0/6, chg=0/6, t=246]
                                                                               
                                             

Simulation (GCBBA):  14%|#4        | 215/1500 [01:50<20:03,  1.07it/s, 
done=35, q=0.00, agents=6/6, nav=0/6, chg=0/6, t=274]
Simulation (GCBBA):  18%|#8        | 275/1500 [01:50<06:13,  3.28it/s, 
done=35, q=0.00, agents=6/6, nav=0/6, chg=0/6, t=275]
                                                                               
                                             

Simulation (GCBBA):  18%|#8        | 275/1500 [01:53<06:13,  3.28it/s, 
done=35, q=0.00, agents=6/6, nav=0/6, chg=0/6, t=275]
                                                                               
                                             

Simulation (GCBBA):  18%|#8        | 275/1500 [01:56<06:13,  3.28it/s, 
done=35, q=0.00, agents=6/6, nav=0/6, chg=0/6, t=276]
                                                                               
                                             

Simulation (GCBBA):  18%|#8        | 275/1500 [02:00<06:13,  3.28it/s, 
done=35, q=0.00, agents=6/6, nav=0/6, chg=0/6, t=277]
Simulation (GCBBA):  19%|#8        | 278/1500 [02:00<09:03,  2.25it/s, 
done=36, q=0.00, agents=6/6, nav=0/6, chg=0/6, t=278]
                                                                               
                                             

Simulation (GCBBA):  19%|#8        | 278/1500 [02:03<09:03,  2.25it/s, 
done=36, q=0.00, agents=6/6, nav=0/6, chg=0/6, t=278]
                                                                               
                                             

Simulation (GCBBA):  19%|#8        | 278/1500 [02:03<09:03,  2.25it/s, 
done=36, q=0.00, agents=6/6, nav=0/6, chg=0/6, t=278]
                                                                               
                                             

Simulation (GCBBA):  19%|#8        | 278/1500 [02:06<09:03,  2.25it/s, 
done=36, q=0.00, agents=6/6, nav=0/6, chg=0/6, t=278]
                                                                               
                                             

Simulation (GCBBA):  19%|#8        | 278/1500 [02:09<09:03,  2.25it/s, 
done=37, q=0.00, agents=6/6, nav=0/6, chg=0/6, t=279]
Simulation (GCBBA):  19%|#8        | 280/1500 [02:09<12:54,  1.57it/s, 
done=37, q=0.00, agents=6/6, nav=0/6, chg=0/6, t=280]
                                                                               
                                             

Simulation (GCBBA):  19%|#8        | 280/1500 [02:12<12:54,  1.57it/s, 
done=37, q=0.00, agents=6/6, nav=0/6, chg=0/6, t=280]
                                                                               
                                             

Simulation (GCBBA):  19%|#8        | 280/1500 [02:15<12:54,  1.57it/s, 
done=37, q=0.00, agents=6/6, nav=0/6, chg=0/6, t=281]
Simulation (GCBBA):  19%|#8        | 282/1500 [02:15<15:58,  1.27it/s, 
done=37, q=0.00, agents=6/6, nav=0/6, chg=0/6, t=282]
                                                                               
                                             

Simulation (GCBBA):  19%|#8        | 282/1500 [02:19<15:58,  1.27it/s, 
done=37, q=0.00, agents=6/6, nav=0/6, chg=0/6, t=282]
Simulation (GCBBA):  19%|#8        | 283/1500 [02:19<17:53,  1.13it/s, 
done=37, q=0.00, agents=6/6, nav=0/6, chg=0/6, t=283]
                                                                               
                                             

Simulation (GCBBA):  19%|#8        | 283/1500 [02:22<17:53,  1.13it/s, 
done=37, q=0.00, agents=6/6, nav=0/6, chg=0/6, t=283]
Simulation (GCBBA):  19%|#8        | 284/1500 [02:22<20:39,  1.02s/it, 
done=38, q=0.00, agents=6/6, nav=0/6, chg=0/6, t=284]
                                                                               
                                             

Simulation (GCBBA):  19%|#8        | 284/1500 [02:25<20:39,  1.02s/it, 
done=38, q=0.00, agents=6/6, nav=0/6, chg=0/6, t=284]
Simulation (GCBBA):  19%|#9        | 285/1500 [02:25<23:41,  1.17s/it, 
done=38, q=0.00, agents=6/6, nav=0/6, chg=0/6, t=285]
                                                                               
                                             

Simulation (GCBBA):  19%|#9        | 285/1500 [02:28<23:41,  1.17s/it, 
done=38, q=0.00, agents=6/6, nav=0/6, chg=0/6, t=285]
Simulation (GCBBA):  19%|#9        | 286/1500 [02:28<27:46,  1.37s/it, 
done=38, q=0.00, agents=6/6, nav=0/6, chg=0/6, t=286]
                                                                               
                                             

Simulation (GCBBA):  19%|#9        | 286/1500 [02:32<27:46,  1.37s/it, 
done=38, q=0.00, agents=6/6, nav=0/6, chg=0/6, t=286]
Simulation (GCBBA):  19%|#9        | 287/1500 [02:32<32:32,  1.61s/it, 
done=38, q=0.00, agents=6/6, nav=0/6, chg=0/6, t=287]
                                                                               
                                             

Simulation (GCBBA):  19%|#9        | 287/1500 [02:35<32:32,  1.61s/it, 
done=38, q=0.00, agents=6/6, nav=0/6, chg=0/6, t=287]
Simulation (GCBBA):  19%|#9        | 288/1500 [02:35<36:59,  1.83s/it, 
done=38, q=0.00, agents=6/6, nav=0/6, chg=0/6, t=288]
                                                                               
                                             

Simulation (GCBBA):  19%|#9        | 288/1500 [02:38<36:59,  1.83s/it, 
done=38, q=0.00, agents=6/6, nav=0/6, chg=0/6, t=288]
Simulation (GCBBA):  19%|#9        | 289/1500 [02:38<41:08,  2.04s/it, 
done=38, q=0.00, agents=6/6, nav=0/6, chg=0/6, t=289]
                                                                               
                                             

Simulation (GCBBA):  19%|#9        | 289/1500 [02:41<41:08,  2.04s/it, 
done=38, q=0.00, agents=6/6, nav=0/6, chg=0/6, t=289]
Simulation (GCBBA):  19%|#9        | 290/1500 [02:41<45:21,  2.25s/it, 
done=38, q=0.00, agents=6/6, nav=0/6, chg=0/6, t=290]
                                                                               
                                             

Simulation (GCBBA):  19%|#9        | 290/1500 [02:44<45:21,  2.25s/it, 
done=38, q=0.00, agents=6/6, nav=0/6, chg=0/6, t=290]
Simulation (GCBBA):  19%|#9        | 291/1500 [02:44<49:25,  2.45s/it, 
done=38, q=0.00, agents=6/6, nav=0/6, chg=0/6, t=291]
                                                                               
                                             

Simulation (GCBBA):  19%|#9        | 291/1500 [02:48<49:25,  2.45s/it, 
done=38, q=0.00, agents=6/6, nav=0/6, chg=0/6, t=291]
Simulation (GCBBA):  19%|#9        | 292/1500 [02:48<54:20,  2.70s/it, 
done=38, q=0.00, agents=6/6, nav=0/6, chg=0/6, t=292]
                                                                               
                                             

Simulation (GCBBA):  19%|#9        | 292/1500 [02:51<54:20,  2.70s/it, 
done=38, q=0.00, agents=6/6, nav=0/6, chg=0/6, t=292]
Simulation (GCBBA):  20%|#9        | 293/1500 [02:51<58:37,  2.91s/it, 
done=38, q=0.00, agents=6/6, nav=0/6, chg=0/6, t=293]
                                                                               
                                             

Simulation (GCBBA):  20%|#9        | 293/1500 [02:55<58:37,  2.91s/it, 
done=38, q=0.00, agents=6/6, nav=0/6, chg=0/6, t=293]
Simulation (GCBBA):  20%|#9        | 294/1500 [02:55<1:02:45,  3.12s/it, 
done=38, q=0.00, agents=6/6, nav=0/6, chg=0/6, t=294]
                                                                               
                                               

Simulation (GCBBA):  20%|#9        | 294/1500 [02:59<1:02:45,  3.12s/it, 
done=38, q=0.00, agents=6/6, nav=0/6, chg=0/6, t=294]
Simulation (GCBBA):  20%|#9        | 295/1500 [02:59<1:06:27,  3.31s/it, 
done=38, q=0.00, agents=6/6, nav=0/6, chg=0/6, t=295]
                                                                               
                                               

Simulation (GCBBA):  20%|#9        | 295/1500 [03:02<1:06:27,  3.31s/it, 
done=38, q=0.00, agents=6/6, nav=0/6, chg=0/6, t=295]
Simulation (GCBBA):  20%|#9        | 296/1500 [03:02<1:08:59,  3.44s/it, 
done=38, q=0.00, agents=6/6, nav=0/6, chg=0/6, t=296]
                                                                               
                                               

Simulation (GCBBA):  20%|#9        | 296/1500 [03:06<1:08:59,  3.44s/it, 
done=38, q=0.00, agents=6/6, nav=0/6, chg=0/6, t=296]
Simulation (GCBBA):  20%|#9        | 297/1500 [03:06<1:11:44,  3.58s/it, 
done=38, q=0.00, agents=6/6, nav=0/6, chg=0/6, t=297]
                                                                               
                                               

Simulation (GCBBA):  20%|#9        | 297/1500 [03:10<1:11:44,  3.58s/it, 
done=38, q=0.00, agents=6/6, nav=0/6, chg=0/6, t=297]
Simulation (GCBBA):  20%|#9        | 298/1500 [03:10<1:12:18,  3.61s/it, 
done=38, q=0.00, agents=6/6, nav=0/6, chg=0/6, t=298]
                                                                               
                                               

Simulation (GCBBA):  20%|#9        | 298/1500 [03:14<1:12:18,  3.61s/it, 
done=38, q=0.00, agents=6/6, nav=0/6, chg=0/6, t=298]
Simulation (GCBBA):  20%|#9        | 299/1500 [03:14<1:12:58,  3.65s/it, 
done=38, q=0.00, agents=6/6, nav=0/6, chg=0/6, t=299]
                                                                               
                                               

Simulation (GCBBA):  20%|#9        | 299/1500 [03:17<1:12:58,  3.65s/it, 
done=38, q=0.00, agents=6/6, nav=0/6, chg=0/6, t=299]
Simulation (GCBBA):  20%|##        | 300/1500 [03:17<1:12:53,  3.64s/it, 
done=38, q=0.00, agents=6/6, nav=0/6, chg=0/6, t=300]
                                                                               
                                               

Simulation (GCBBA):  20%|##        | 300/1500 [03:21<1:12:53,  3.64s/it, 
done=38, q=0.00, agents=6/6, nav=0/6, chg=0/6, t=300]
Simulation (GCBBA):  20%|##        | 301/1500 [03:21<1:13:08,  3.66s/it, 
done=38, q=0.00, agents=6/6, nav=0/6, chg=0/6, t=301]
                                                                               
                                               

Simulation (GCBBA):  20%|##        | 301/1500 [03:25<1:13:08,  3.66s/it, 
done=38, q=0.00, agents=6/6, nav=0/6, chg=0/6, t=301]
Simulation (GCBBA):  20%|##        | 302/1500 [03:25<1:13:12,  3.67s/it, 
done=38, q=0.00, agents=6/6, nav=0/6, chg=0/6, t=302]
                                                                               
                                               

Simulation (GCBBA):  20%|##        | 302/1500 [03:29<1:13:12,  3.67s/it, 
done=38, q=0.00, agents=6/6, nav=0/6, chg=0/6, t=302]
Simulation (GCBBA):  20%|##        | 303/1500 [03:29<1:14:04,  3.71s/it, 
done=38, q=0.00, agents=6/6, nav=0/6, chg=0/6, t=303]
                                                                               
                                               

Simulation (GCBBA):  20%|##        | 303/1500 [03:32<1:14:04,  3.71s/it, 
done=38, q=0.00, agents=6/6, nav=0/6, chg=0/6, t=303]
Simulation (GCBBA):  20%|##        | 304/1500 [03:32<1:13:48,  3.70s/it, 
done=38, q=0.00, agents=6/6, nav=0/6, chg=0/6, t=304]
                                                                               
                                               

Simulation (GCBBA):  20%|##        | 304/1500 [03:36<1:13:48,  3.70s/it, 
done=38, q=0.00, agents=6/6, nav=0/6, chg=0/6, t=304]
Simulation (GCBBA):  20%|##        | 305/1500 [03:36<1:13:54,  3.71s/it, 
done=38, q=0.00, agents=6/6, nav=0/6, chg=0/6, t=305]
                                                                               
                                               

Simulation (GCBBA):  20%|##        | 305/1500 [03:40<1:13:54,  3.71s/it, 
done=38, q=0.00, agents=6/6, nav=0/6, chg=0/6, t=305]
Simulation (GCBBA):  20%|##        | 306/1500 [03:40<1:14:06,  3.72s/it, 
done=38, q=0.00, agents=6/6, nav=0/6, chg=0/6, t=306]
                                                                               
                                               

Simulation (GCBBA):  20%|##        | 306/1500 [03:43<1:14:06,  3.72s/it, 
done=38, q=0.00, agents=6/6, nav=0/6, chg=0/6, t=306]
Simulation (GCBBA):  20%|##        | 307/1500 [03:43<1:14:00,  3.72s/it, 
done=38, q=0.00, agents=6/6, nav=0/6, chg=0/6, t=307]
                                                                               
                                               

Simulation (GCBBA):  20%|##        | 307/1500 [03:47<1:14:00,  3.72s/it, 
done=38, q=0.00, agents=6/6, nav=0/6, chg=0/6, t=307]
Simulation (GCBBA):  21%|##        | 308/1500 [03:47<1:13:37,  3.71s/it, 
done=38, q=0.00, agents=6/6, nav=0/6, chg=0/6, t=308]
                                                                               
                                               

Simulation (GCBBA):  21%|##        | 308/1500 [03:51<1:13:37,  3.71s/it, 
done=38, q=0.00, agents=6/6, nav=0/6, chg=0/6, t=308]
Simulation (GCBBA):  21%|##        | 309/1500 [03:51<1:13:11,  3.69s/it, 
done=38, q=0.00, agents=6/6, nav=0/6, chg=0/6, t=309]
                                                                               
                                               

Simulation (GCBBA):  21%|##        | 309/1500 [03:54<1:13:11,  3.69s/it, 
done=38, q=0.00, agents=6/6, nav=0/6, chg=0/6, t=309]
Simulation (GCBBA):  21%|##        | 310/1500 [03:54<1:12:26,  3.65s/it, 
done=38, q=0.00, agents=6/6, nav=0/6, chg=0/6, t=310]
                                                                               
                                               

Simulation (GCBBA):  21%|##        | 310/1500 [03:58<1:12:26,  3.65s/it, 
done=38, q=0.00, agents=6/6, nav=0/6, chg=0/6, t=310]
Simulation (GCBBA):  21%|##        | 311/1500 [03:58<1:11:54,  3.63s/it, 
done=38, q=0.00, agents=6/6, nav=0/6, chg=0/6, t=311]
                                                                               
                                               

Simulation (GCBBA):  21%|##        | 311/1500 [04:02<1:11:54,  3.63s/it, 
done=38, q=0.00, agents=6/6, nav=0/6, chg=0/6, t=311]
Simulation (GCBBA):  21%|##        | 312/1500 [04:02<1:11:39,  3.62s/it, 
done=38, q=0.00, agents=6/6, nav=0/6, chg=0/6, t=312]
                                                                               
                                               

Simulation (GCBBA):  21%|##        | 312/1500 [04:02<1:11:39,  3.62s/it, 
done=38, q=0.00, agents=6/6, nav=0/6, chg=0/6, t=312]
Simulation (GCBBA):  21%|##        | 312/1500 [04:02<15:21,  1.29it/s, 
done=38, q=0.00, agents=6/6, nav=0/6, chg=0/6, t=312]  
[t=0] GCBBA: 40 active tasks, 0 excluded (0 done, 0 executing). Score=1561.00, Makespan=290.00, Time=132.56ms
[t=15] GCBBA: 32 active tasks, 8 excluded (2 done, 6 executing). Score=1302.00, Makespan=251.00, Time=98.08ms
[t=20] GCBBA: 30 active tasks, 10 excluded (4 done, 6 executing). Score=1213.00, Makespan=232.00, Time=76.32ms
[t=43] GCBBA: 28 active tasks, 12 excluded (6 done, 6 executing). Score=1177.00, Makespan=226.00, Time=57.75ms
[t=49] GCBBA: 26 active tasks, 14 excluded (8 done, 6 executing). Score=1062.00, Makespan=198.00, Time=24.23ms
[t=59] GCBBA: 24 active tasks, 16 excluded (10 done, 6 executing). Score=541.00, Makespan=128.00, Time=18.25ms
[t=78] GCBBA: 22 active tasks, 18 excluded (12 done, 6 executing). Score=979.00, Makespan=191.00, Time=52.86ms
[t=88] GCBBA: 20 active tasks, 20 excluded (14 done, 6 executing). Score=895.00, Makespan=191.00, Time=34.62ms
[t=94] Agent 5: CA* found no path to (26, 25, 0) within 300 steps ù staying in place
[t=94] GCBBA: 18 active tasks, 22 excluded (16 done, 6 executing). Score=642.00, Makespan=117.00, Time=12.81ms
[t=94] Agent 5: CA* found no path to (26, 25, 0) within 300 steps ù staying in place
[t=95] Agent 5: CA* found no path to (26, 25, 0) within 300 steps ù staying in place
[t=96] Agent 5: CA* found no path to (26, 25, 0) within 300 steps ù staying in place
[t=114] GCBBA: 16 active tasks, 24 excluded (18 done, 6 executing). Score=735.00, Makespan=150.00, Time=18.76ms
[t=119] Agent 1: CA* found no path to (27, 25, 0) within 300 steps ù staying in place
[t=120] Agent 1: CA* found no path to (27, 25, 0) within 300 steps ù staying in place
[t=121] Agent 1: CA* found no path to (27, 25, 0) within 300 steps ù staying in place
[t=121] GCBBA: 14 active tasks, 26 excluded (20 done, 6 executing). Score=649.00, Makespan=132.00, Time=18.06ms
[t=121] Agent 1: CA* found no path to (27, 25, 0) within 300 steps ù staying in place
[t=122] Agent 1: CA* found no path to (27, 25, 0) within 300 steps ù staying in place
[t=123] Agent 1: CA* found no path to (27, 25, 0) within 300 steps ù staying in place
[t=124] Agent 1: CA* found no path to (27, 25, 0) within 300 steps ù staying in place
[t=125] Agent 1: CA* found no path to (27, 25, 0) within 300 steps ù staying in place
[t=126] Agent 1: CA* found no path to (27, 25, 0) within 300 steps ù staying in place
[t=139] Agent 5: CA* found no path to (26, 25, 0) within 300 steps ù staying in place
[t=139] GCBBA: 12 active tasks, 28 excluded (22 done, 6 executing). Score=550.00, Makespan=104.00, Time=22.58ms
[t=139] Agent 5: CA* found no path to (26, 25, 0) within 300 steps ù staying in place
[t=140] Agent 5: CA* found no path to (26, 25, 0) within 300 steps ù staying in place
[t=141] Agent 5: CA* found no path to (26, 25, 0) within 300 steps ù staying in place
[t=142] Agent 5: CA* found no path to (26, 25, 0) within 300 steps ù staying in place
[t=143] Agent 5: CA* found no path to (26, 25, 0) within 300 steps ù staying in place
[t=144] Agent 5: CA* found no path to (26, 25, 0) within 300 steps ù staying in place
[t=158] GCBBA: 10 active tasks, 30 excluded (24 done, 6 executing). Score=487.00, Makespan=105.00, Time=17.07ms
[t=173] GCBBA: 8 active tasks, 32 excluded (26 done, 6 executing). Score=407.00, Makespan=97.00, Time=12.26ms
[t=191] GCBBA: 6 active tasks, 34 excluded (28 done, 6 executing). Score=333.00, Makespan=76.00, Time=8.77ms
[t=205] Agent 2: CA* found no path to (2, 26, 0) within 300 steps ù staying in place
[t=205] GCBBA: 4 active tasks, 36 excluded (30 done, 6 executing). Score=184.00, Makespan=55.00, Time=3.57ms
[t=205] Agent 2: CA* found no path to (2, 26, 0) within 300 steps ù staying in place
[t=206] Agent 2: CA* found no path to (2, 26, 0) within 300 steps ù staying in place
[t=207] Agent 2: CA* found no path to (2, 26, 0) within 300 steps ù staying in place
[t=208] Agent 2: CA* found no path to (2, 26, 0) within 300 steps ù staying in place
[t=209] Agent 2: CA* found no path to (2, 26, 0) within 300 steps ù staying in place
[t=210] Agent 2: CA* found no path to (2, 26, 0) within 300 steps ù staying in place
[t=211] Agent 2: CA* found no path to (2, 26, 0) within 300 steps ù staying in place
[t=212] Agent 2: CA* found no path to (2, 26, 0) within 300 steps ù staying in place
[t=213] Agent 2: CA* found no path to (2, 26, 0) within 300 steps ù staying in place
[t=214] Agent 2: CA* found no path to (2, 26, 0) within 300 steps ù staying in place
[t=228] GCBBA: 3 active tasks, 37 excluded (32 done, 5 executing). Score=147.00, Makespan=54.00, Time=3.38ms
[t=246] GCBBA: 1 active tasks, 39 excluded (35 done, 4 executing). Score=37.00, Makespan=37.00, Time=1.43ms
[t=274] Agent 6: CA* found no path to (11, 5, 0) within 300 steps ù staying in place
[t=275] Agent 6: CA* found no path to (11, 5, 0) within 300 steps ù staying in place
[t=276] Agent 6: CA* found no path to (11, 5, 0) within 300 steps ù staying in place
[t=277] Agent 6: CA* found no path to (11, 5, 0) within 300 steps ù staying in place
[t=278] Agent 6: CA* found no path to (11, 5, 0) within 300 steps ù staying in place
[t=278] GCBBA: 1 active tasks, 39 excluded (37 done, 2 executing). Score=50.00, Makespan=50.00, Time=1.72ms
[t=278] Agent 6: CA* found no path to (11, 5, 0) within 300 steps ù staying in place
[t=279] Agent 6: CA* found no path to (11, 5, 0) within 300 steps ù staying in place
[t=280] Agent 6: CA* found no path to (11, 5, 0) within 300 steps ù staying in place
[t=281] Agent 6: CA* found no path to (11, 5, 0) within 300 steps ù staying in place
[t=282] Agent 6: CA* found no path to (11, 5, 0) within 300 steps ù staying in place
[t=283] Agent 6: CA* found no path to (11, 5, 0) within 300 steps ù staying in place
[t=284] Agent 6: CA* found no path to (11, 5, 0) within 300 steps ù staying in place
[t=285] Agent 6: CA* found no path to (11, 5, 0) within 300 steps ù staying in place
[t=286] Agent 6: CA* found no path to (11, 5, 0) within 300 steps ù staying in place
[t=287] Agent 6: CA* found no path to (11, 5, 0) within 300 steps ù staying in place
[t=288] Agent 6: CA* found no path to (11, 5, 0) within 300 steps ù staying in place
[t=289] Agent 6: CA* found no path to (11, 5, 0) within 300 steps ù staying in place
[t=290] Agent 6: CA* found no path to (11, 5, 0) within 300 steps ù staying in place
[t=291] Agent 6: CA* found no path to (11, 5, 0) within 300 steps ù staying in place
[t=292] Agent 6: CA* found no path to (11, 5, 0) within 300 steps ù staying in place
[t=293] Agent 6: CA* found no path to (11, 5, 0) within 300 steps ù staying in place
[t=294] Agent 6: CA* found no path to (11, 5, 0) within 300 steps ù staying in place
[t=295] Agent 6: CA* found no path to (11, 5, 0) within 300 steps ù staying in place
[t=296] Agent 6: CA* found no path to (11, 5, 0) within 300 steps ù staying in place
[t=297] Agent 6: CA* found no path to (11, 5, 0) within 300 steps ù staying in place
[t=298] Agent 6: CA* found no path to (11, 5, 0) within 300 steps ù staying in place
[t=299] Agent 6: CA* found no path to (11, 5, 0) within 300 steps ù staying in place
[t=300] Agent 6: CA* found no path to (11, 5, 0) within 300 steps ù staying in place
[t=301] Agent 6: CA* found no path to (11, 5, 0) within 300 steps ù staying in place
[t=302] Agent 6: CA* found no path to (11, 5, 0) within 300 steps ù staying in place
[t=303] Agent 6: CA* found no path to (11, 5, 0) within 300 steps ù staying in place
[t=304] Agent 6: CA* found no path to (11, 5, 0) within 300 steps ù staying in place
[t=305] Agent 6: CA* found no path to (11, 5, 0) within 300 steps ù staying in place
[t=306] Agent 6: CA* found no path to (11, 5, 0) within 300 steps ù staying in place
[t=307] Agent 6: CA* found no path to (11, 5, 0) within 300 steps ù staying in place
[t=308] Agent 6: CA* found no path to (11, 5, 0) within 300 steps ù staying in place
[t=309] Agent 6: CA* found no path to (11, 5, 0) within 300 steps ù staying in place
[t=310] Agent 6: CA* found no path to (11, 5, 0) within 300 steps ù staying in place
[t=311] Agent 6: CA* found no path to (11, 5, 0) within 300 steps ù staying in place
[t=312] WALL-CLOCK LIMIT (4 min) exceeded ù stopping early.
Trajectories saved to C:\Users\shrey\OneDrive\Documents\Upenn\Thesis\GCBBA_Warehouse_System\results\test_idle_fix\test_idle_fix_s42\trajectories.csv

============================================================
[RESULTS]
  Tasks completed:  38 / 40
  All tasks done:   False
  Makespan:         -1
============================================================
Traceback (most recent call last):
  File "C:\Users\shrey\OneDrive\Documents\Upenn\Thesis\GCBBA_Warehouse_System\t
est_idle_fix.py", line 46, in <module>
    print(f"\u2717 FAILURE: Only 
{metrics.num_tasks_completed}/{metrics.num_tasks_total} tasks completed")
    ~~~~~^^^^^^^^^^^^^^^^^^^^^^^^^^^^^^^^^^^^^^^^^^^^^^^^^^^^^^^^^^^^^^^^^^^^^^
^^^^^^^^^^^^^^^^^^^^^^
  File "C:\Python314\Lib\encodings\cp1252.py", line 19, in encode
    return codecs.charmap_encode(input,self.errors,encoding_table)[0]
           ~~~~~~~~~~~~~~~~~~~~~^^^^^^^^^^^^^^^^^^^^^^^^^^^^^^^^^^
UnicodeEncodeError: 'charmap' codec can't encode character '\u2717' in 
position 0: character maps to <undefined>
